Archive member included because of file (symbol)

Func.o(lcdshow.o)             main.o (PrintLcd)
Func.o(keyprocess.o)          main.o (KeyProc)
Func.o(float.o)               main.o (Float2LCDBuf)
Func.o(tdc-proc.o)            main.o (TdcSampProc)
Func.o(TimeDate.o)            main.o (SystemClock)
source.o(os_sem.o)            main.o (OSSemCreate)
source.o(os_task.o)           main.o (OSTaskCreate)
source.o(os_core.o)           main.o (OSInit)
source.o(os_time.o)           main.o (OSTimeDly)
source.o(os_mbox.o)           main.o (OSMboxCreate)
cpu.o(Interrupt.o)            main.o (SOFT_INT)
cpu.o(OS_CPU_C.o)             source.o(os_task.o) (OSTaskStkInit)
asm.o(OS_CPU_A.o)             source.o(os_core.o) (OSStartHighRdy)
lib1d.o(lib.o)                Func.o(float.o) (ftoa)
devices.o(adc.o)              Func.o(TimeDate.o) (VoltageCtrl)
devices.o(tdc.o)              Func.o(tdc-proc.o) (InitTdc)
devices.o(flash.o)            cpu.o(Interrupt.o) (Flash_Write)
devices.o(waker.o)            main.o (ChkWakeUp)
devices.o(lcd.o)              main.o (LcdPoweron)
devices.o(uart.o)             main.o (Uart0_38400B)
devices.o(infrared.o)         main.o (Infrared1Init)
devices.o(key.o)              devices.o(waker.o) (ls1d_key_init)

Allocating common symbols
Common symbol       size              file

OSTickDOSCtr        0x1               main.o
OSLockNesting       0x1               main.o
OSRunning           0x1               main.o
InstantHeat         0x4               main.o
OSIdleCtr           0x4               main.o
pGSemInfraRev       0x4               main.o
OSPrioHighRdy       0x1               main.o
SleepPmuCnt         0x4               main.o
InstantFlux         0x4               main.o
DiffTemp            0x4               main.o
OSPrioCur           0x1               main.o
Voltage             0x4               main.o
OSTCBList           0x4               main.o
month               0x1               main.o
OSCtxSwCtr          0x4               main.o
second              0x1               main.o
WakeUpPmuCnt        0x4               main.o
minute              0x1               main.o
OSTCBFreeList       0x4               main.o
LCDContent          0xa               main.o
SampingMode         0x4               main.o
VoltageFlag         0x2               main.o
LASTKEYPress        0x4               main.o
AccumHeat           0x4               main.o
pGSemTdcInt         0x4               main.o
OSTaskCtr           0x1               main.o
DammingTemp         0x4               main.o
hour                0x1               main.o
MinorMenu           0x1               main.o
OSTCBHighRdy        0x4               main.o
OSRdyGrp            0x1               main.o
wGP                 0x4               cpu.o(OS_CPU_C.o)
InteFlux            0x4               main.o
OSRdyTbl            0x8               main.o
Power               0x4               main.o
MonthlySaveIndex    0x1               main.o
InfraredCnt         0x1               main.o
year                0x1               main.o
day                 0x1               main.o
OSEventFreeList     0x4               main.o
MajorMenu           0x1               main.o
OSIntExitY          0x1               main.o
pGSemKeyToInfra     0x4               main.o
pGSemSynch          0x4               main.o
OutTemp             0x4               main.o
InTemp              0x4               main.o
OSIntNesting        0x1               main.o
SleepEn             0x1               main.o
BatFailErased       0x1               main.o
KeyTime             0x4               main.o
OSTCBCur            0x4               main.o
pGMboxKey           0x4               main.o
OSTime              0x4               main.o
OSEventTbl          0x50              main.o
GTdcInfo            0xdc              main.o
MboxKey             0x1               main.o
RunReason           0x4               main.o
InfraredBuf         0x14              main.o
KeyTimeOutCnt       0x1               main.o

Discarded input sections

 .reginfo       0x0000000000000000        0x0 main.o
 .reginfo       0x0000000000000000        0x0 Func.o(lcdshow.o)
 .reginfo       0x0000000000000000        0x0 Func.o(keyprocess.o)
 .reginfo       0x0000000000000000        0x0 Func.o(float.o)
 .reginfo       0x0000000000000000        0x0 Func.o(tdc-proc.o)
 .reginfo       0x0000000000000000        0x0 Func.o(TimeDate.o)
 .reginfo       0x0000000000000000        0x0 source.o(os_sem.o)
 .reginfo       0x0000000000000000        0x0 source.o(os_task.o)
 .reginfo       0x0000000000000000        0x0 source.o(os_core.o)
 .reginfo       0x0000000000000000        0x0 source.o(os_time.o)
 .reginfo       0x0000000000000000        0x0 source.o(os_mbox.o)
 .reginfo       0x0000000000000000        0x0 cpu.o(Interrupt.o)
 .reginfo       0x0000000000000000        0x0 cpu.o(OS_CPU_C.o)
 .reginfo       0x0000000000000000        0x0 asm.o(OS_CPU_A.o)
 .reginfo       0x0000000000000000        0x0 lib1d.o(lib.o)
 .reginfo       0x0000000000000000        0x0 devices.o(adc.o)
 .reginfo       0x0000000000000000        0x0 devices.o(tdc.o)
 .reginfo       0x0000000000000000        0x0 devices.o(flash.o)
 .reginfo       0x0000000000000000        0x0 devices.o(waker.o)
 .reginfo       0x0000000000000000        0x0 devices.o(lcd.o)
 .reginfo       0x0000000000000000        0x0 devices.o(uart.o)
 .reginfo       0x0000000000000000        0x0 devices.o(infrared.o)
 .reginfo       0x0000000000000000        0x0 devices.o(key.o)

Memory Configuration

Name             Origin             Length             Attributes
*default*        0x0000000000000000 0xffffffffffffffff

Linker script and memory map

                0x0000000000000000                . = ALIGN (0x4)

.text           0x00000000bfc00000     0x9720
 *(.text)
 .text          0x00000000bfc00000      0x600 start.o
                0x00000000bfc00000                _start
 .text          0x00000000bfc00600      0x630 main.o
                0x00000000bfc00664                TaskLcd
                0x00000000bfc007ac                TaskInfra
                0x00000000bfc00600                TaskKey
                0x00000000bfc00ba4                main
                0x00000000bfc006e4                TaskTDC
                0x00000000bfc00998                TaskStart
                0x00000000bfc00aa0                OSTaskIdleHook
 .text          0x00000000bfc00c30      0xa10 Func.o(lcdshow.o)
                0x00000000bfc01144                PrintLcd
                0x00000000bfc00c30                PrintTime
                0x00000000bfc00e18                PrintLCDFloat
 .text          0x00000000bfc01640      0x430 Func.o(keyprocess.o)
                0x00000000bfc0174c                LongKey
                0x00000000bfc01640                ShortKey
                0x00000000bfc018f4                KeyProc
                0x00000000bfc01848                KeyTimeOut
 .text          0x00000000bfc01a70      0x920 Func.o(float.o)
                0x00000000bfc01d58                Float2LCDBuf
                0x00000000bfc01a70                Float2LCD
                0x00000000bfc01ae0                TimeDate2LCD
                0x00000000bfc01cd4                Number2LCD
 .text          0x00000000bfc02390     0x2200 Func.o(tdc-proc.o)
                0x00000000bfc041a4                CapaciDetec
                0x00000000bfc038f4                check_res
                0x00000000bfc028c8                func_once_time
                0x00000000bfc02f28                func_once_thsens
                0x00000000bfc03b54                ResReady
                0x00000000bfc02538                res_cal
                0x00000000bfc04268                ProcTime
                0x00000000bfc042f4                ProcThsens
                0x00000000bfc03e08                TimeTdc
                0x00000000bfc03fd8                TdcSampProc
                0x00000000bfc024bc                func_cap_detection
                0x00000000bfc02390                calibrate
                0x00000000bfc03ef0                TimeThsens
                0x00000000bfc043d4                DataProcess
                0x00000000bfc02d30                ptime_caculate
                0x00000000bfc02ac8                ftime_caculate
                0x00000000bfc0435c                time_to_temp
                0x00000000bfc031a8                func_twice_time
 .text          0x00000000bfc04590      0x410 Func.o(TimeDate.o)
                0x00000000bfc045f4                IsLeap
                0x00000000bfc04590                InitTimeDate
                0x00000000bfc046d4                SystemClock
 .text          0x00000000bfc049a0      0x570 source.o(os_sem.o)
                0x00000000bfc04a94                OSSemPend
                0x00000000bfc04c4c                OSSemPost
                0x00000000bfc049a0                OSSemCreate
                0x00000000bfc04d54                OSSemQuery
 .text          0x00000000bfc04f10      0x1e0 source.o(os_task.o)
                0x00000000bfc04f10                OSTaskCreate
 .text          0x00000000bfc050f0     0x12b0 source.o(os_core.o)
                0x00000000bfc05188                OSIntEnter
                0x00000000bfc06150                OS_TCBInit
                0x00000000bfc051e8                OSIntExit
                0x00000000bfc05fcc                OS_Sched
                0x00000000bfc0579c                OS_EventTaskRdy
                0x00000000bfc053f4                OSSchedUnlock
                0x00000000bfc059c0                OS_EventTaskWait
                0x00000000bfc054e8                OSStart
                0x00000000bfc055dc                OSTimeTick
                0x00000000bfc05364                OSSchedLock
                0x00000000bfc050f0                OSInit
                0x00000000bfc05b3c                OS_EventTO
                0x00000000bfc05778                OSVersion
                0x00000000bfc05c44                OS_EventWaitListInit
                0x00000000bfc060fc                OS_TaskIdle
 .text          0x00000000bfc063a0      0x220 source.o(os_time.o)
                0x00000000bfc0655c                OSTimeSet
                0x00000000bfc063a0                OSTimeDly
                0x00000000bfc064fc                OSTimeGet
 .text          0x00000000bfc065c0      0x3d0 source.o(os_mbox.o)
                0x00000000bfc06894                OSMboxPost
                0x00000000bfc065c0                OSMboxCreate
                0x00000000bfc066b0                OSMboxPend
 .text          0x00000000bfc06990      0x500 cpu.o(Interrupt.o)
                0x00000000bfc06c50                INTC
                0x00000000bfc06e18                OS_InitTimer
                0x00000000bfc069b0                TIMER1_INT
                0x00000000bfc06b20                BAT_FAIL
                0x00000000bfc06b6c                RES_VALID
                0x00000000bfc06a4c                KEY_INT
                0x00000000bfc069f4                WAKER_INT
                0x00000000bfc06990                SOFT_INT
                0x00000000bfc06d78                IRQ_Exception
                0x00000000bfc06e58                ls1d_set_soft_int
                0x00000000bfc06d58                EXINT
 .text          0x00000000bfc06e90      0x2b0 cpu.o(OS_CPU_C.o)
                0x00000000bfc06e90                OSTaskStkInit
 .text          0x00000000bfc07140      0x340 asm.o(OS_CPU_A.o)
                0x00000000bfc07464                EnableIntC
                0x00000000bfc07140                OSStartHighRdy
                0x00000000bfc0743c                EnableWake
                0x00000000bfc071e8                OSCtxSw
                0x00000000bfc0732c                OSIntCtxSw
                0x00000000bfc07450                EnableInt
                0x00000000bfc07414                OS_InitMips
                0x00000000bfc07408                OSCPURestoreSR
                0x00000000bfc073f0                OSCPUSaveSR
 .text          0x00000000bfc07480      0xb20 lib1d.o(lib.o)
                0x00000000bfc07630                printf
                0x00000000bfc07e84                memcpy1d
                0x00000000bfc07f10                Hex2Bcd
                0x00000000bfc07d48                memchar1d
                0x00000000bfc079f8                ftoa
                0x00000000bfc07e04                memset1d
                0x00000000bfc07480                printbase
 .text          0x00000000bfc07fa0      0x380 devices.o(adc.o)
                0x00000000bfc0816c                VoltageCtrl
                0x00000000bfc0805c                adc_measure0
                0x00000000bfc07fa0                adc_init0
                0x00000000bfc080e8                adc_disable0
                0x00000000bfc08124                adc_test
 .text          0x00000000bfc08320      0x2e0 devices.o(tdc.o)
                0x00000000bfc0858c                StartTdc
                0x00000000bfc08320                InitTdc
                0x00000000bfc08444                SelectTdc
                0x00000000bfc084d0                SetTdcMop
 .text          0x00000000bfc08600      0x390 devices.o(flash.o)
                0x00000000bfc08600                Flash_Erase_page
                0x00000000bfc088d0                MonthlySave
                0x00000000bfc086b4                Flash_Write
 .text          0x00000000bfc08990      0x680 devices.o(waker.o)
                0x00000000bfc08f38                EnSleep
                0x00000000bfc08fa4                DisSleep
                0x00000000bfc08ebc                CpuSleep
                0x00000000bfc08ad8                InitWaker
                0x00000000bfc08a64                WakeWaitInt
                0x00000000bfc08990                ChkWakeUp
                0x00000000bfc08e58                SetPDTime
                0x00000000bfc08d28                WakeCompen
 .text          0x00000000bfc09010      0x210 devices.o(lcd.o)
                0x00000000bfc09124                Lcd_HW_Init
                0x00000000bfc091bc                WriteLcdAll
                0x00000000bfc090b4                WriteLcdRegs
                0x00000000bfc09010                LcdPoweron
                0x00000000bfc09064                LcdPowerdown
 .text          0x00000000bfc09220      0x200 devices.o(uart.o)
                0x00000000bfc0934c                putchar
                0x00000000bfc09390                puts
                0x00000000bfc092fc                tgt_putchar
                0x00000000bfc09220                Uart0_38400B
 .text          0x00000000bfc09420      0x270 devices.o(infrared.o)
                0x00000000bfc09420                Uart1_2400B
                0x00000000bfc09574                Infrared1Init
                0x00000000bfc0962c                Infrared1Disable
 .text          0x00000000bfc09690       0x90 devices.o(key.o)
                0x00000000bfc09690                ls1d_key_init
                0x00000000bfc09720                . = ALIGN (0x4)

.rel.text
 *(.rel.text)
                0x00000000bfc09720                . = ALIGN (0x4)

.rodata         0x00000000bfc09720      0x3f0
 *(.rodata)
 .rodata        0x00000000bfc09720       0x60 main.o
                0x00000000bfc09744                VERNumber
                0x00000000bfc09720                LCDNumber
                0x00000000bfc0973c                USERNumber
                0x00000000bfc0972c                MonthDays
                0x00000000bfc0974c                MY_INT
 .rodata        0x00000000bfc09780       0x20 Func.o(lcdshow.o)
 .rodata        0x00000000bfc097a0       0x10 Func.o(keyprocess.o)
 .rodata        0x00000000bfc097b0       0x40 Func.o(float.o)
 .rodata        0x00000000bfc097f0       0x70 Func.o(tdc-proc.o)
 .rodata        0x00000000bfc09860      0x110 source.o(os_core.o)
                0x00000000bfc09860                OSMapTbl
                0x00000000bfc09868                OSUnMapTbl
 .rodata        0x00000000bfc09970      0x160 lib1d.o(lib.o)
 .rodata        0x00000000bfc09ad0       0x10 devices.o(flash.o)
 .rodata        0x00000000bfc09ae0       0x30 devices.o(waker.o)
                0x00000000bfc09b10                . = ALIGN (0x4)

.data           0x00000000bfc09b10        0x0
 *(.data)
 .data          0x00000000bfc09b10        0x0 start.o
 .data          0x00000000bfc09b10        0x0 main.o
 .data          0x00000000bfc09b10        0x0 Func.o(lcdshow.o)
 .data          0x00000000bfc09b10        0x0 Func.o(keyprocess.o)
 .data          0x00000000bfc09b10        0x0 Func.o(float.o)
 .data          0x00000000bfc09b10        0x0 Func.o(tdc-proc.o)
 .data          0x00000000bfc09b10        0x0 Func.o(TimeDate.o)
 .data          0x00000000bfc09b10        0x0 source.o(os_sem.o)
 .data          0x00000000bfc09b10        0x0 source.o(os_task.o)
 .data          0x00000000bfc09b10        0x0 source.o(os_core.o)
 .data          0x00000000bfc09b10        0x0 source.o(os_time.o)
 .data          0x00000000bfc09b10        0x0 source.o(os_mbox.o)
 .data          0x00000000bfc09b10        0x0 cpu.o(Interrupt.o)
 .data          0x00000000bfc09b10        0x0 cpu.o(OS_CPU_C.o)
 .data          0x00000000bfc09b10        0x0 asm.o(OS_CPU_A.o)
 .data          0x00000000bfc09b10        0x0 lib1d.o(lib.o)
 .data          0x00000000bfc09b10        0x0 devices.o(adc.o)
 .data          0x00000000bfc09b10        0x0 devices.o(tdc.o)
 .data          0x00000000bfc09b10        0x0 devices.o(flash.o)
 .data          0x00000000bfc09b10        0x0 devices.o(waker.o)
 .data          0x00000000bfc09b10        0x0 devices.o(lcd.o)
 .data          0x00000000bfc09b10        0x0 devices.o(uart.o)
 .data          0x00000000bfc09b10        0x0 devices.o(infrared.o)
 .data          0x00000000bfc09b10        0x0 devices.o(key.o)
                0x00000000bfc09b10                . = ALIGN (0x4)

.reginfo        0x00000000bfc09b10       0x18
 *(.reginfo)
 .reginfo       0x00000000bfc09b10       0x18 start.o
                0x00000000bfc09b28                . = ALIGN (0x4)

.ptr
 *(.ptr)
                0x00000000bfc09b28                . = ALIGN (0x4)

.shstrtab
 *(.shstrtab)
                0x00000000bfc09b28                . = ALIGN (0x4)

.strtab
 *(.strtab)
                0x00000000a0001000                . = 0xa0001000
                0x00000000a0001000                . = ALIGN (0x4)

.scommon        0x00000000a0001000       0xbc
 *(.scommon)
 .scommon       0x00000000a0001000       0xb5 main.o
                0x00000000a0001000                OSTickDOSCtr
                0x00000000a0001001                OSLockNesting
                0x00000000a0001002                OSRunning
                0x00000000a0001004                InstantHeat
                0x00000000a0001008                OSIdleCtr
                0x00000000a000100c                pGSemInfraRev
                0x00000000a0001010                OSPrioHighRdy
                0x00000000a0001014                SleepPmuCnt
                0x00000000a0001018                InstantFlux
                0x00000000a000101c                DiffTemp
                0x00000000a0001020                OSPrioCur
                0x00000000a0001024                Voltage
                0x00000000a0001028                OSTCBList
                0x00000000a000102c                month
                0x00000000a0001030                OSCtxSwCtr
                0x00000000a0001034                second
                0x00000000a0001038                WakeUpPmuCnt
                0x00000000a000103c                minute
                0x00000000a0001040                OSTCBFreeList
                0x00000000a0001044                SampingMode
                0x00000000a0001048                VoltageFlag
                0x00000000a000104c                LASTKEYPress
                0x00000000a0001050                AccumHeat
                0x00000000a0001054                pGSemTdcInt
                0x00000000a0001058                OSTaskCtr
                0x00000000a000105c                DammingTemp
                0x00000000a0001060                hour
                0x00000000a0001061                MinorMenu
                0x00000000a0001064                OSTCBHighRdy
                0x00000000a0001068                OSRdyGrp
                0x00000000a000106c                InteFlux
                0x00000000a0001070                OSRdyTbl
                0x00000000a0001078                Power
                0x00000000a000107c                MonthlySaveIndex
                0x00000000a000107d                InfraredCnt
                0x00000000a000107e                year
                0x00000000a000107f                day
                0x00000000a0001080                OSEventFreeList
                0x00000000a0001084                MajorMenu
                0x00000000a0001085                OSIntExitY
                0x00000000a0001088                pGSemKeyToInfra
                0x00000000a000108c                pGSemSynch
                0x00000000a0001090                OutTemp
                0x00000000a0001094                InTemp
                0x00000000a0001098                OSIntNesting
                0x00000000a0001099                SleepEn
                0x00000000a000109a                BatFailErased
                0x00000000a000109c                KeyTime
                0x00000000a00010a0                OSTCBCur
                0x00000000a00010a4                pGMboxKey
                0x00000000a00010a8                OSTime
                0x00000000a00010ac                MboxKey
                0x00000000a00010b0                RunReason
                0x00000000a00010b4                KeyTimeOutCnt
 .scommon       0x00000000a00010b5        0x0 Func.o(lcdshow.o)
 .scommon       0x00000000a00010b5        0x0 Func.o(keyprocess.o)
 .scommon       0x00000000a00010b5        0x0 Func.o(float.o)
 .scommon       0x00000000a00010b5        0x0 Func.o(tdc-proc.o)
 .scommon       0x00000000a00010b5        0x0 Func.o(TimeDate.o)
 .scommon       0x00000000a00010b5        0x0 source.o(os_sem.o)
 .scommon       0x00000000a00010b5        0x0 source.o(os_task.o)
 .scommon       0x00000000a00010b5        0x0 source.o(os_core.o)
 .scommon       0x00000000a00010b5        0x0 source.o(os_time.o)
 .scommon       0x00000000a00010b5        0x0 source.o(os_mbox.o)
 .scommon       0x00000000a00010b5        0x0 cpu.o(Interrupt.o)
 *fill*         0x00000000a00010b5        0x3 00
 .scommon       0x00000000a00010b8        0x4 cpu.o(OS_CPU_C.o)
                0x00000000a00010b8                wGP
 .scommon       0x00000000a00010bc        0x0 lib1d.o(lib.o)
 .scommon       0x00000000a00010bc        0x0 devices.o(adc.o)
 .scommon       0x00000000a00010bc        0x0 devices.o(tdc.o)
 .scommon       0x00000000a00010bc        0x0 devices.o(flash.o)
 .scommon       0x00000000a00010bc        0x0 devices.o(waker.o)
 .scommon       0x00000000a00010bc        0x0 devices.o(lcd.o)
 .scommon       0x00000000a00010bc        0x0 devices.o(uart.o)
 .scommon       0x00000000a00010bc        0x0 devices.o(infrared.o)
 .scommon       0x00000000a00010bc        0x0 devices.o(key.o)

.sbss
 *(.sbss)

.bss            0x00000000a00010c0      0x1bc
 *(.bss)
 .bss           0x00000000a00010c0        0x0 start.o
 .bss           0x00000000a00010c0        0x0 main.o
 .bss           0x00000000a00010c0        0x0 Func.o(lcdshow.o)
 .bss           0x00000000a00010c0        0x0 Func.o(keyprocess.o)
 .bss           0x00000000a00010c0        0x0 Func.o(float.o)
 .bss           0x00000000a00010c0       0x50 Func.o(tdc-proc.o)
 .bss           0x00000000a0001110       0x10 Func.o(TimeDate.o)
 .bss           0x00000000a0001120        0x0 source.o(os_sem.o)
 .bss           0x00000000a0001120        0x0 source.o(os_task.o)
 .bss           0x00000000a0001120        0x0 source.o(os_core.o)
 .bss           0x00000000a0001120        0x0 source.o(os_time.o)
 .bss           0x00000000a0001120        0x0 source.o(os_mbox.o)
 .bss           0x00000000a0001120        0x0 cpu.o(Interrupt.o)
 .bss           0x00000000a0001120       0x10 cpu.o(OS_CPU_C.o)
                0x00000000a0001120                wSR
 .bss           0x00000000a0001130        0x0 asm.o(OS_CPU_A.o)
 .bss           0x00000000a0001130        0x0 lib1d.o(lib.o)
 .bss           0x00000000a0001130        0x0 devices.o(adc.o)
 .bss           0x00000000a0001130        0x0 devices.o(tdc.o)
 .bss           0x00000000a0001130        0x0 devices.o(flash.o)
 .bss           0x00000000a0001130        0x0 devices.o(waker.o)
 .bss           0x00000000a0001130        0x0 devices.o(lcd.o)
 .bss           0x00000000a0001130        0x0 devices.o(uart.o)
 .bss           0x00000000a0001130        0x0 devices.o(infrared.o)
 .bss           0x00000000a0001130        0x0 devices.o(key.o)
                0x00000000a0001130                . = ALIGN (0x4)
 COMMON         0x00000000a0001130      0x14c main.o
                0x00000000a0001130                LCDContent
                0x00000000a000113c                OSEventTbl
                0x00000000a000118c                GTdcInfo
                0x00000000a0001268                InfraredBuf
Address of section .text set to 0xbfc00000
LOAD start.o
LOAD main.o
LOAD Func.o
LOAD source.o
LOAD cpu.o
LOAD asm.o
LOAD lib1d.o
LOAD devices.o
OUTPUT(demo elf32-tradlittlemips)

.pdr            0x0000000000000000      0xf80
 .pdr           0x0000000000000000        0x0 start.o
 .pdr           0x0000000000000000      0x100 main.o
 .pdr           0x0000000000000100       0x60 Func.o(lcdshow.o)
 .pdr           0x0000000000000160       0x80 Func.o(keyprocess.o)
 .pdr           0x00000000000001e0       0x80 Func.o(float.o)
 .pdr           0x0000000000000260      0x260 Func.o(tdc-proc.o)
 .pdr           0x00000000000004c0       0x60 Func.o(TimeDate.o)
 .pdr           0x0000000000000520       0x80 source.o(os_sem.o)
 .pdr           0x00000000000005a0       0x20 source.o(os_task.o)
 .pdr           0x00000000000005c0      0x280 source.o(os_core.o)
 .pdr           0x0000000000000840       0x60 source.o(os_time.o)
 .pdr           0x00000000000008a0       0x60 source.o(os_mbox.o)
 .pdr           0x0000000000000900      0x160 cpu.o(Interrupt.o)
 .pdr           0x0000000000000a60       0x20 cpu.o(OS_CPU_C.o)
 .pdr           0x0000000000000a80        0x0 asm.o(OS_CPU_A.o)
 .pdr           0x0000000000000a80       0xe0 lib1d.o(lib.o)
 .pdr           0x0000000000000b60       0xa0 devices.o(adc.o)
 .pdr           0x0000000000000c00       0x80 devices.o(tdc.o)
 .pdr           0x0000000000000c80       0x60 devices.o(flash.o)
 .pdr           0x0000000000000ce0      0x100 devices.o(waker.o)
 .pdr           0x0000000000000de0       0xa0 devices.o(lcd.o)
 .pdr           0x0000000000000e80       0x80 devices.o(uart.o)
 .pdr           0x0000000000000f00       0x60 devices.o(infrared.o)
 .pdr           0x0000000000000f60       0x20 devices.o(key.o)

.mdebug.abi32   0x0000000000000000        0x0
 .mdebug.abi32  0x0000000000000000        0x0 main.o
 .mdebug.abi32  0x0000000000000000        0x0 Func.o(lcdshow.o)
 .mdebug.abi32  0x0000000000000000        0x0 Func.o(keyprocess.o)
 .mdebug.abi32  0x0000000000000000        0x0 Func.o(float.o)
 .mdebug.abi32  0x0000000000000000        0x0 Func.o(tdc-proc.o)
 .mdebug.abi32  0x0000000000000000        0x0 Func.o(TimeDate.o)
 .mdebug.abi32  0x0000000000000000        0x0 source.o(os_sem.o)
 .mdebug.abi32  0x0000000000000000        0x0 source.o(os_task.o)
 .mdebug.abi32  0x0000000000000000        0x0 source.o(os_core.o)
 .mdebug.abi32  0x0000000000000000        0x0 source.o(os_time.o)
 .mdebug.abi32  0x0000000000000000        0x0 source.o(os_mbox.o)
 .mdebug.abi32  0x0000000000000000        0x0 cpu.o(Interrupt.o)
 .mdebug.abi32  0x0000000000000000        0x0 cpu.o(OS_CPU_C.o)
 .mdebug.abi32  0x0000000000000000        0x0 lib1d.o(lib.o)
 .mdebug.abi32  0x0000000000000000        0x0 devices.o(adc.o)
 .mdebug.abi32  0x0000000000000000        0x0 devices.o(tdc.o)
 .mdebug.abi32  0x0000000000000000        0x0 devices.o(flash.o)
 .mdebug.abi32  0x0000000000000000        0x0 devices.o(waker.o)
 .mdebug.abi32  0x0000000000000000        0x0 devices.o(lcd.o)
 .mdebug.abi32  0x0000000000000000        0x0 devices.o(uart.o)
 .mdebug.abi32  0x0000000000000000        0x0 devices.o(infrared.o)
 .mdebug.abi32  0x0000000000000000        0x0 devices.o(key.o)

.comment        0x0000000000000000      0x370
 .comment       0x0000000000000000       0x28 main.o
 .comment       0x0000000000000028       0x28 Func.o(lcdshow.o)
 .comment       0x0000000000000050       0x28 Func.o(keyprocess.o)
 .comment       0x0000000000000078       0x28 Func.o(float.o)
 .comment       0x00000000000000a0       0x28 Func.o(tdc-proc.o)
 .comment       0x00000000000000c8       0x28 Func.o(TimeDate.o)
 .comment       0x00000000000000f0       0x28 source.o(os_sem.o)
 .comment       0x0000000000000118       0x28 source.o(os_task.o)
 .comment       0x0000000000000140       0x28 source.o(os_core.o)
 .comment       0x0000000000000168       0x28 source.o(os_time.o)
 .comment       0x0000000000000190       0x28 source.o(os_mbox.o)
 .comment       0x00000000000001b8       0x28 cpu.o(Interrupt.o)
 .comment       0x00000000000001e0       0x28 cpu.o(OS_CPU_C.o)
 .comment       0x0000000000000208       0x28 lib1d.o(lib.o)
 .comment       0x0000000000000230       0x28 devices.o(adc.o)
 .comment       0x0000000000000258       0x28 devices.o(tdc.o)
 .comment       0x0000000000000280       0x28 devices.o(flash.o)
 .comment       0x00000000000002a8       0x28 devices.o(waker.o)
 .comment       0x00000000000002d0       0x28 devices.o(lcd.o)
 .comment       0x00000000000002f8       0x28 devices.o(uart.o)
 .comment       0x0000000000000320       0x28 devices.o(infrared.o)
 .comment       0x0000000000000348       0x28 devices.o(key.o)

.gnu.attributes
                0x0000000000000000       0x10
 .gnu.attributes
                0x0000000000000000       0x10 main.o
 .gnu.attributes
                0x0000000000000010       0x10 Func.o(lcdshow.o)
 .gnu.attributes
                0x0000000000000020       0x10 Func.o(keyprocess.o)
 .gnu.attributes
                0x0000000000000030       0x10 Func.o(float.o)
 .gnu.attributes
                0x0000000000000040       0x10 Func.o(tdc-proc.o)
 .gnu.attributes
                0x0000000000000050       0x10 Func.o(TimeDate.o)
 .gnu.attributes
                0x0000000000000060       0x10 source.o(os_sem.o)
 .gnu.attributes
                0x0000000000000070       0x10 source.o(os_task.o)
 .gnu.attributes
                0x0000000000000080       0x10 source.o(os_core.o)
 .gnu.attributes
                0x0000000000000090       0x10 source.o(os_time.o)
 .gnu.attributes
                0x00000000000000a0       0x10 source.o(os_mbox.o)
 .gnu.attributes
                0x00000000000000b0       0x10 cpu.o(Interrupt.o)
 .gnu.attributes
                0x00000000000000c0       0x10 cpu.o(OS_CPU_C.o)
 .gnu.attributes
                0x00000000000000d0       0x10 lib1d.o(lib.o)
 .gnu.attributes
                0x00000000000000e0       0x10 devices.o(adc.o)
 .gnu.attributes
                0x00000000000000f0       0x10 devices.o(tdc.o)
 .gnu.attributes
                0x0000000000000100       0x10 devices.o(flash.o)
 .gnu.attributes
                0x0000000000000110       0x10 devices.o(waker.o)
 .gnu.attributes
                0x0000000000000120       0x10 devices.o(lcd.o)
 .gnu.attributes
                0x0000000000000130       0x10 devices.o(uart.o)
 .gnu.attributes
                0x0000000000000140       0x10 devices.o(infrared.o)
 .gnu.attributes
                0x0000000000000150       0x10 devices.o(key.o)

.debug_line     0x0000000000000000     0x13ec
 .debug_line    0x0000000000000000       0x91 start.o
 .debug_line    0x0000000000000091       0xee main.o
 .debug_line    0x000000000000017f      0x10b Func.o(lcdshow.o)
 .debug_line    0x000000000000028a       0xd1 Func.o(keyprocess.o)
 .debug_line    0x000000000000035b       0xe4 Func.o(float.o)
 .debug_line    0x000000000000043f      0x2bb Func.o(tdc-proc.o)
 .debug_line    0x00000000000006fa       0xa8 Func.o(TimeDate.o)
 .debug_line    0x00000000000007a2       0xda source.o(os_sem.o)
 .debug_line    0x000000000000087c       0x84 source.o(os_task.o)
 .debug_line    0x0000000000000900      0x1f2 source.o(os_core.o)
 .debug_line    0x0000000000000af2       0x82 source.o(os_time.o)
 .debug_line    0x0000000000000b74       0xb6 source.o(os_mbox.o)
 .debug_line    0x0000000000000c2a       0xe7 cpu.o(Interrupt.o)
 .debug_line    0x0000000000000d11       0x8f cpu.o(OS_CPU_C.o)
 .debug_line    0x0000000000000da0       0x87 asm.o(OS_CPU_A.o)
 .debug_line    0x0000000000000e27      0x123 lib1d.o(lib.o)
 .debug_line    0x0000000000000f4a       0xa6 devices.o(adc.o)
 .debug_line    0x0000000000000ff0       0x85 devices.o(tdc.o)
 .debug_line    0x0000000000001075       0xaf devices.o(flash.o)
 .debug_line    0x0000000000001124       0xfb devices.o(waker.o)
 .debug_line    0x000000000000121f       0x76 devices.o(lcd.o)
 .debug_line    0x0000000000001295       0x71 devices.o(uart.o)
 .debug_line    0x0000000000001306       0x95 devices.o(infrared.o)
 .debug_line    0x000000000000139b       0x51 devices.o(key.o)

.debug_info     0x0000000000000000     0x49a9
 .debug_info    0x0000000000000000       0x50 start.o
 .debug_info    0x0000000000000050      0xa65 main.o
 .debug_info    0x0000000000000ab5      0x1d1 Func.o(lcdshow.o)
 .debug_info    0x0000000000000c86      0x21d Func.o(keyprocess.o)
 .debug_info    0x0000000000000ea3      0x326 Func.o(float.o)
 .debug_info    0x00000000000011c9      0xb6f Func.o(tdc-proc.o)
 .debug_info    0x0000000000001d38      0x1a0 Func.o(TimeDate.o)
 .debug_info    0x0000000000001ed8      0x3cd source.o(os_sem.o)
 .debug_info    0x00000000000022a5      0x2ae source.o(os_task.o)
 .debug_info    0x0000000000002553      0x80b source.o(os_core.o)
 .debug_info    0x0000000000002d5e      0x2f2 source.o(os_time.o)
 .debug_info    0x0000000000003050      0x337 source.o(os_mbox.o)
 .debug_info    0x0000000000003387      0x394 cpu.o(Interrupt.o)
 .debug_info    0x000000000000371b      0x152 cpu.o(OS_CPU_C.o)
 .debug_info    0x000000000000386d       0x5c asm.o(OS_CPU_A.o)
 .debug_info    0x00000000000038c9      0x3d1 lib1d.o(lib.o)
 .debug_info    0x0000000000003c9a      0x18a devices.o(adc.o)
 .debug_info    0x0000000000003e24      0x166 devices.o(tdc.o)
 .debug_info    0x0000000000003f8a      0x24e devices.o(flash.o)
 .debug_info    0x00000000000041d8      0x350 devices.o(waker.o)
 .debug_info    0x0000000000004528      0x137 devices.o(lcd.o)
 .debug_info    0x000000000000465f      0x173 devices.o(uart.o)
 .debug_info    0x00000000000047d2      0x13a devices.o(infrared.o)
 .debug_info    0x000000000000490c       0x9d devices.o(key.o)

.debug_abbrev   0x0000000000000000     0x1852
 .debug_abbrev  0x0000000000000000       0x14 start.o
 .debug_abbrev  0x0000000000000014      0x1a3 main.o
 .debug_abbrev  0x00000000000001b7       0xea Func.o(lcdshow.o)
 .debug_abbrev  0x00000000000002a1      0x11e Func.o(keyprocess.o)
 .debug_abbrev  0x00000000000003bf      0x113 Func.o(float.o)
 .debug_abbrev  0x00000000000004d2      0x20e Func.o(tdc-proc.o)
 .debug_abbrev  0x00000000000006e0       0xf6 Func.o(TimeDate.o)
 .debug_abbrev  0x00000000000007d6      0x175 source.o(os_sem.o)
 .debug_abbrev  0x000000000000094b      0x117 source.o(os_task.o)
 .debug_abbrev  0x0000000000000a62      0x1d4 source.o(os_core.o)
 .debug_abbrev  0x0000000000000c36      0x126 source.o(os_time.o)
 .debug_abbrev  0x0000000000000d5c      0x16c source.o(os_mbox.o)
 .debug_abbrev  0x0000000000000ec8      0x13a cpu.o(Interrupt.o)
 .debug_abbrev  0x0000000000001002       0xcb cpu.o(OS_CPU_C.o)
 .debug_abbrev  0x00000000000010cd       0x14 asm.o(OS_CPU_A.o)
 .debug_abbrev  0x00000000000010e1       0xdd lib1d.o(lib.o)
 .debug_abbrev  0x00000000000011be       0xe7 devices.o(adc.o)
 .debug_abbrev  0x00000000000012a5       0xb0 devices.o(tdc.o)
 .debug_abbrev  0x0000000000001355      0x116 devices.o(flash.o)
 .debug_abbrev  0x000000000000146b      0x136 devices.o(waker.o)
 .debug_abbrev  0x00000000000015a1       0xc0 devices.o(lcd.o)
 .debug_abbrev  0x0000000000001661       0xca devices.o(uart.o)
 .debug_abbrev  0x000000000000172b       0xc0 devices.o(infrared.o)
 .debug_abbrev  0x00000000000017eb       0x67 devices.o(key.o)

.debug_aranges  0x0000000000000000      0x300
 .debug_aranges
                0x0000000000000000       0x20 start.o
 .debug_aranges
                0x0000000000000020       0x20 main.o
 .debug_aranges
                0x0000000000000040       0x20 Func.o(lcdshow.o)
 .debug_aranges
                0x0000000000000060       0x20 Func.o(keyprocess.o)
 .debug_aranges
                0x0000000000000080       0x20 Func.o(float.o)
 .debug_aranges
                0x00000000000000a0       0x20 Func.o(tdc-proc.o)
 .debug_aranges
                0x00000000000000c0       0x20 Func.o(TimeDate.o)
 .debug_aranges
                0x00000000000000e0       0x20 source.o(os_sem.o)
 .debug_aranges
                0x0000000000000100       0x20 source.o(os_task.o)
 .debug_aranges
                0x0000000000000120       0x20 source.o(os_core.o)
 .debug_aranges
                0x0000000000000140       0x20 source.o(os_time.o)
 .debug_aranges
                0x0000000000000160       0x20 source.o(os_mbox.o)
 .debug_aranges
                0x0000000000000180       0x20 cpu.o(Interrupt.o)
 .debug_aranges
                0x00000000000001a0       0x20 cpu.o(OS_CPU_C.o)
 .debug_aranges
                0x00000000000001c0       0x20 asm.o(OS_CPU_A.o)
 .debug_aranges
                0x00000000000001e0       0x20 lib1d.o(lib.o)
 .debug_aranges
                0x0000000000000200       0x20 devices.o(adc.o)
 .debug_aranges
                0x0000000000000220       0x20 devices.o(tdc.o)
 .debug_aranges
                0x0000000000000240       0x20 devices.o(flash.o)
 .debug_aranges
                0x0000000000000260       0x20 devices.o(waker.o)
 .debug_aranges
                0x0000000000000280       0x20 devices.o(lcd.o)
 .debug_aranges
                0x00000000000002a0       0x20 devices.o(uart.o)
 .debug_aranges
                0x00000000000002c0       0x20 devices.o(infrared.o)
 .debug_aranges
                0x00000000000002e0       0x20 devices.o(key.o)

.debug_frame    0x0000000000000000      0xf08
 .debug_frame   0x0000000000000000       0xf0 main.o
 .debug_frame   0x00000000000000f0       0x68 Func.o(lcdshow.o)
 .debug_frame   0x0000000000000158       0x80 Func.o(keyprocess.o)
 .debug_frame   0x00000000000001d8       0x80 Func.o(float.o)
 .debug_frame   0x0000000000000258      0x234 Func.o(tdc-proc.o)
 .debug_frame   0x000000000000048c       0x64 Func.o(TimeDate.o)
 .debug_frame   0x00000000000004f0       0x80 source.o(os_sem.o)
 .debug_frame   0x0000000000000570       0x2c source.o(os_task.o)
 .debug_frame   0x000000000000059c      0x240 source.o(os_core.o)
 .debug_frame   0x00000000000007dc       0x64 source.o(os_time.o)
 .debug_frame   0x0000000000000840       0x64 source.o(os_mbox.o)
 .debug_frame   0x00000000000008a4      0x144 cpu.o(Interrupt.o)
 .debug_frame   0x00000000000009e8       0x2c cpu.o(OS_CPU_C.o)
 .debug_frame   0x0000000000000a14       0xd4 lib1d.o(lib.o)
 .debug_frame   0x0000000000000ae8       0x9c devices.o(adc.o)
 .debug_frame   0x0000000000000b84       0x80 devices.o(tdc.o)
 .debug_frame   0x0000000000000c04       0x68 devices.o(flash.o)
 .debug_frame   0x0000000000000c6c       0xf0 devices.o(waker.o)
 .debug_frame   0x0000000000000d5c       0x9c devices.o(lcd.o)
 .debug_frame   0x0000000000000df8       0x80 devices.o(uart.o)
 .debug_frame   0x0000000000000e78       0x64 devices.o(infrared.o)
 .debug_frame   0x0000000000000edc       0x2c devices.o(key.o)

.debug_loc      0x0000000000000000     0x14e4
 .debug_loc     0x0000000000000000      0x158 main.o
 .debug_loc     0x0000000000000158       0x81 Func.o(lcdshow.o)
 .debug_loc     0x00000000000001d9       0xac Func.o(keyprocess.o)
 .debug_loc     0x0000000000000285       0xac Func.o(float.o)
 .debug_loc     0x0000000000000331      0x339 Func.o(tdc-proc.o)
 .debug_loc     0x000000000000066a       0x81 Func.o(TimeDate.o)
 .debug_loc     0x00000000000006eb       0xac source.o(os_sem.o)
 .debug_loc     0x0000000000000797       0x2d source.o(os_task.o)
 .debug_loc     0x00000000000007c4      0x35c source.o(os_core.o)
 .debug_loc     0x0000000000000b20       0x81 source.o(os_time.o)
 .debug_loc     0x0000000000000ba1       0x81 source.o(os_mbox.o)
 .debug_loc     0x0000000000000c22      0x1d9 cpu.o(Interrupt.o)
 .debug_loc     0x0000000000000dfb       0x2b cpu.o(OS_CPU_C.o)
 .debug_loc     0x0000000000000e26      0x131 lib1d.o(lib.o)
 .debug_loc     0x0000000000000f57       0xd7 devices.o(adc.o)
 .debug_loc     0x000000000000102e       0xac devices.o(tdc.o)
 .debug_loc     0x00000000000010da       0x83 devices.o(flash.o)
 .debug_loc     0x000000000000115d      0x158 devices.o(waker.o)
 .debug_loc     0x00000000000012b5       0xd7 devices.o(lcd.o)
 .debug_loc     0x000000000000138c       0xac devices.o(uart.o)
 .debug_loc     0x0000000000001438       0x81 devices.o(infrared.o)
 .debug_loc     0x00000000000014b9       0x2b devices.o(key.o)

.debug_pubnames
                0x0000000000000000      0xd88
 .debug_pubnames
                0x0000000000000000      0x3fb main.o
 .debug_pubnames
                0x00000000000003fb       0x50 Func.o(lcdshow.o)
 .debug_pubnames
                0x000000000000044b       0x57 Func.o(keyprocess.o)
 .debug_pubnames
                0x00000000000004a2       0x62 Func.o(float.o)
 .debug_pubnames
                0x0000000000000504      0x149 Func.o(tdc-proc.o)
 .debug_pubnames
                0x000000000000064d       0x4f Func.o(TimeDate.o)
 .debug_pubnames
                0x000000000000069c       0x5e source.o(os_sem.o)
 .debug_pubnames
                0x00000000000006fa       0x34 source.o(os_task.o)
 .debug_pubnames
                0x000000000000072e      0x12f source.o(os_core.o)
 .debug_pubnames
                0x000000000000085d       0x4d source.o(os_time.o)
 .debug_pubnames
                0x00000000000008aa       0x52 source.o(os_mbox.o)
 .debug_pubnames
                0x00000000000008fc       0xc0 cpu.o(Interrupt.o)
 .debug_pubnames
                0x00000000000009bc       0x45 cpu.o(OS_CPU_C.o)
 .debug_pubnames
                0x0000000000000a01       0x79 lib1d.o(lib.o)
 .debug_pubnames
                0x0000000000000a7a       0x70 devices.o(adc.o)
 .debug_pubnames
                0x0000000000000aea       0x58 devices.o(tdc.o)
 .debug_pubnames
                0x0000000000000b42       0x58 devices.o(flash.o)
 .debug_pubnames
                0x0000000000000b9a       0x92 devices.o(waker.o)
 .debug_pubnames
                0x0000000000000c2c       0x74 devices.o(lcd.o)
 .debug_pubnames
                0x0000000000000ca0       0x59 devices.o(uart.o)
 .debug_pubnames
                0x0000000000000cf9       0x5a devices.o(infrared.o)
 .debug_pubnames
                0x0000000000000d53       0x35 devices.o(key.o)

.debug_str      0x0000000000000000      0xe57
 .debug_str     0x0000000000000000      0x572 main.o
                                        0x598 (size before relaxing)
 .debug_str     0x0000000000000572       0x63 Func.o(lcdshow.o)
                                        0x12a (size before relaxing)
 .debug_str     0x00000000000005d5       0x36 Func.o(keyprocess.o)
                                        0x182 (size before relaxing)
 .debug_str     0x000000000000060b       0x67 Func.o(float.o)
                                        0x1cb (size before relaxing)
 .debug_str     0x0000000000000672      0x18c Func.o(tdc-proc.o)
                                        0x454 (size before relaxing)
 .debug_str     0x00000000000007fe       0x3c Func.o(TimeDate.o)
                                        0x118 (size before relaxing)
 .debug_str     0x000000000000083a       0x97 source.o(os_sem.o)
                                        0x215 (size before relaxing)
 .debug_str     0x00000000000008d1       0x26 source.o(os_task.o)
                                        0x1ca (size before relaxing)
 .debug_str     0x00000000000008f7      0x168 source.o(os_core.o)
                                        0x3ce (size before relaxing)
 .debug_str     0x0000000000000a5f       0x2e source.o(os_time.o)
                                        0x1d9 (size before relaxing)
 .debug_str     0x0000000000000a8d       0x2d source.o(os_mbox.o)
                                        0x1eb (size before relaxing)
 .debug_str     0x0000000000000aba       0xc1 cpu.o(Interrupt.o)
                                        0x23e (size before relaxing)
 .debug_str     0x0000000000000b7b       0x19 cpu.o(OS_CPU_C.o)
                                         0xde (size before relaxing)
 .debug_str     0x0000000000000b94       0xad lib1d.o(lib.o)
                                        0x135 (size before relaxing)
 .debug_str     0x0000000000000c41       0x66 devices.o(adc.o)
                                        0x11d (size before relaxing)
 .debug_str     0x0000000000000ca7       0x2b devices.o(tdc.o)
                                         0xe7 (size before relaxing)
 .debug_str     0x0000000000000cd2       0x7c devices.o(flash.o)
                                        0x167 (size before relaxing)
 .debug_str     0x0000000000000d4e       0x57 devices.o(waker.o)
                                        0x223 (size before relaxing)
 .debug_str     0x0000000000000da5       0x43 devices.o(lcd.o)
                                         0xee (size before relaxing)
 .debug_str     0x0000000000000de8       0x25 devices.o(uart.o)
                                         0xed (size before relaxing)
 .debug_str     0x0000000000000e0d       0x36 devices.o(infrared.o)
                                        0x10a (size before relaxing)
 .debug_str     0x0000000000000e43       0x14 devices.o(key.o)
                                         0xb3 (size before relaxing)
